
> nextn@0.1.0 build
> next build

   Γû▓ Next.js 15.5.9
   - Environments: .env

   Creating an optimized production build ...
node.exe : Failed to 
compile.
At line:1 char:1
+ & "C:\nvm4w\nodejs/no
de.exe" "C:\nvm4w\nodej
s/node_modules/npm/bin/
np ...
+ ~~~~~~~~~~~~~~~~~~~~~
~~~~~~~~~~~~~~~~~~~~~~~
~~~~~~~~~~~~~~~~~~~~~~~
~~
    + CategoryInfo     
         : NotSpecifi  
  ed: (Failed to com   
 pile.:String) [],     
RemoteException
    + FullyQualifiedEr 
   rorId : NativeComm  
  andError
 

./src/app/(admin)/admin
/submissions-paid/[id]/
page.tsx
Error:   [31mx[0m 
Expected '</', got 
'jsx text (
  [31m|[0m       )'
     ,-[[36;1;4mD:\ami
t\testercommunity\teste
rcommunity2\src\app\(ad
min)\admin\submissions-
paid\[id]\page.tsx[0m:
450:1]
 [2m447[0m |         
          
visitUrl={visitUrl}
 [2m448[0m |         
        />
 [2m449[0m |         
      </aside>
 [2m450[0m | [35;1m,
[0m[35;1m-[0m[35;1m
>[0m         </main>
 [2m451[0m | [35;1m`
[0m[35;1m-[0m[35;1m
>[0m       </div>
 [2m452[0m |         
  {fullscreenImage && (
 [2m453[0m |         
    <div
 [2m453[0m |         
      className="fixed 
inset-0 bg-black/80 
z-[60] flex 
items-center 
justify-center p-4 
animate-in fade-in-0"
     `----

Caused by:
    Syntax Error

Import trace for 
requested module:
./src/app/(admin)/admin
/submissions-paid/[id]/
page.tsx


> Build failed because 
of webpack errors
